// Jest Snapshot v1, https://goo.gl/fbAQLP

exports[`renders correctly 1`] = `
<View
  style={
    Object {
      "alignItems": "center",
      "backgroundColor": "white",
      "flex": 1,
      "justifyContent": "center",
    }
  }
>
  <View
    style={
      Object {
        "flex": 1,
        "flexDirection": "column",
        "justifyContent": "space-between",
      }
    }
  />
  <View>
    <Image
      source={1}
      style={
        Object {
          "height": 150,
          "width": 150,
        }
      }
    />
  </View>
  <View
    style={
      Object {
        "flex": 1,
        "flexDirection": "row",
        "justifyContent": "space-between",
      }
    }
  >
    <View
      style={
        Object {
          "height": 25,
          "width": 25,
        }
      }
    >
      <View
        accessibilityComponentType={undefined}
        accessibilityLabel={undefined}
        accessibilityTraits={undefined}
        accessible={true}
        hasTVPreferredFocus={undefined}
        hitSlop={undefined}
        isTVSelectable={true}
        nativeID={undefined}
        onLayout={undefined}
        onResponderGrant={[Function]}
        onResponderMove={[Function]}
        onResponderRelease={[Function]}
        onResponderTerminate={[Function]}
        onResponderTerminationRequest={[Function]}
        onStartShouldSetResponder={[Function]}
        style={null}
        testID={undefined}
        tvParallaxProperties={undefined}
      >
        <Image
          source={1}
          style={
            Object {
              "height": 25,
              "width": 25,
            }
          }
        />
      </View>
    </View>
    <View
      style={
        Object {
          "height": 25,
          "width": 25,
        }
      }
    />
    <View
      style={
        Object {
          "height": 25,
          "width": 25,
        }
      }
    >
      <View
        accessibilityComponentType={undefined}
        accessibilityLabel={undefined}
        accessibilityTraits={undefined}
        accessible={true}
        hasTVPreferredFocus={undefined}
        hitSlop={undefined}
        isTVSelectable={true}
        nativeID={undefined}
        onLayout={undefined}
        onResponderGrant={[Function]}
        onResponderMove={[Function]}
        onResponderRelease={[Function]}
        onResponderTerminate={[Function]}
        onResponderTerminationRequest={[Function]}
        onStartShouldSetResponder={[Function]}
        style={null}
        testID={undefined}
        tvParallaxProperties={undefined}
      >
        <Image
          source={1}
          style={
            Object {
              "height": 25,
              "width": 25,
            }
          }
        />
      </View>
    </View>
  </View>
  <View>
    <Text
      accessible={true}
      allowFontScaling={true}
      ellipsizeMode="tail"
      style={
        Object {
          "color": "#909090",
          "paddingBottom": 20,
        }
      }
    >
      Powered by id.ly team.  All right reserved.
    </Text>
  </View>
</View>
`;
