// Jest Snapshot v1, https://goo.gl/fbAQLP

exports[`Renders correctly 1`] = `
<View
  style={
    Object {
      "alignItems": "center",
      "backgroundColor": "white",
      "flex": 1,
      "justifyContent": "center",
    }
  }
>
  <Image
    collapsable={undefined}
    source={1}
    style={
      Object {
        "height": 150,
        "opacity": 0,
        "transform": Array [
          Object {
            "scale": 50,
          },
        ],
        "width": 150,
      }
    }
  />
</View>
`;
